<!DOCTYPE html><html><head><link rel="icon" href="../assets/img/favicon-32w.png"></head><body><p class="default">../assets/img/image-160w.png</p><img class="responsible" srcset="../assets/img/image-100w.jpg 100w,../assets/img/image-160w.jpg 200w" src="../assets/img/image-160w.png" alt="responsive image"><img class="json" src="../assets/img/image-105w.webp"><p>src webp: ../assets/img/image-160w.webp</p><p>srcSet: ../assets/img/image-100w.webp 100w,../assets/img/image-160w.webp 160w</p><p>Image
width: 160
height: 130</p></body></html>