<!DOCTYPE html><html><head><link rel="stylesheet" href="/assets/css/main.466035a4.css"><link rel="stylesheet" href="/assets/css/about.424baabc.css"><link rel="stylesheet" href="/assets/css/styles.625d97fe.css"></head><body><p>The usage of the style source directly in the pug template.</p></body></html>