<!DOCTYPE html><html><head><title>The title</title><link rel="icon" href="/assets/img/favicon.70e7f5bd.ico"></head><body><img class="s1" src="/assets/img/image.f78b30f4.jpeg"><img class="s2" src="/assets/img/image.f78b30f4.jpeg"><img class="s3" src="/assets/img/image.f78b30f4.jpeg"><img class="s4" src="/assets/img/image.f78b30f4.jpeg"><img class="s5" src="/assets/img/image.f78b30f4.jpeg"><img class="v1" src="/assets/img/image.f78b30f4.jpeg"><img class="v2" src="/assets/img/image.f78b30f4.jpeg"><img class="v3" src="/assets/img/image.f78b30f4.jpeg"><img class="v4" src="/assets/img/image.f78b30f4.jpeg"><img class="v5" src="/assets/img/image.f78b30f4.jpeg"></body></html>