<!DOCTYPE html><html><head><link href="/assets/css/styles.81f40c66.css" rel="stylesheet"><script src="/assets/js/main.53b9cc33.js" defer></script></head><body><h1>Hello Pug!</h1><p>The new replaced content.</p></body></html>