<!DOCTYPE html><html><head><link href="/assets/css/main.d2be7438.css" rel="stylesheet"><link href="/assets/css/main2.65858032.css" rel="stylesheet"></head><body><h1>Hello Pug!</h1><div class="image">background image</div><div class="image2">background image</div><img class="a" src="/assets/img/image.697ef306.png"><img class="b" src="/assets/img/image.697ef306.png"><img class="c" src="/assets/img/image2.697ef306.png"></body></html>