<!DOCTYPE html><html><head><link href="/assets/css/file1.fb43317d.css" rel="stylesheet"><link href="/assets/css/file2.d93c794f.css" rel="stylesheet"><link href="/assets/css/file2.d93c794f.css" rel="stylesheet"></head><body><h1>Hello Pug!</h1></body></html>