<!DOCTYPE html>
<html>
  <head>
    <link rel="stylesheet" href="/assets/css/main.2ff7aabb.css">
    <link rel="stylesheet" href="/assets/css/styles.f0c4e907.css">
    <link rel="stylesheet" href="/assets/css/styles.ca31bce4.css">
  </head>
  <body>
    <h1>Demo</h1>
  </body>
</html>
