<!DOCTYPE html><html><head><link rel="stylesheet" href="/assets/css/main.2ff7aabb.css"><link rel="stylesheet" href="/assets/css/styles.ea6ec3d1.css"></head><body><h1>Home</h1></body></html>