<!DOCTYPE html><html><head><link rel="stylesheet" href="/pages/main/styles.178a.css"><script src="/pages/main/scripts.6de2.js"></script></head><body><h1>Main page</h1></body></html>