<!DOCTYPE html><html lang="en"><head><link href="/assets/css/styles.f7030525.css" rel="stylesheet"></head><body><h1>About</h1><script src="/assets/js/691.f0aa212a.js"></script><script src="/assets/js/703.084785d8.js"></script><script src="/assets/js/17.a5ebfac8.js"></script><script src="/assets/js/main-b.a0d52ffd.js"></script></body></html>