<!DOCTYPE html><html lang="en"><head><link href="/assets/css/styles.f7030525.css" rel="stylesheet"></head><body><h1>Index</h1><script src="/assets/js/691.f0aa212a.js"></script><script src="/assets/js/416.e59d09fc.js"></script><script src="/assets/js/168.da8cc798.js"></script><script src="/assets/js/main-a.434c03c7.js"></script></body></html>