<!DOCTYPE html><html><head><script src="/assets/js/vendor.dc58b31e.js"></script></head><body></body></html>