<!DOCTYPE html><html><head><script src="/assets/js/vendor.04906076.js"></script></head><body></body></html>