<!DOCTYPE html><html><head><link rel="icon" type="image/png" sizes="64x64" href="../assets/img/favicon-64w.png"><link href="../assets/css/main.adb465ee.css" rel="stylesheet"><script src="../assets/js/main.51f27c38.js"></script></head><body><h3>Placeholder via style attribute</h3><div class="header-container" style="background-image: url(data:image/webp;base64,UklGRngCAABXRUJQVlA4IGwCAAAwDQCdASoyABkAPk0cjEQioaGZ/M1UKATEsYBbRQBww5Aq9fqA2wHigfqr7O363axL6AH6c+mX7JJ7QFs1mU+Q/529GDfKP2MEduSpsOm/ZpTQCI2mzQZolf0om5nmY6ijSTLjXnFFi3AibXoMyTwJCAAA/vTH/4y3dr/6QYpL/82XWtRRiSM2aB/5xPPufDoia89O/h46RiVJfdYPQ6YZTCJkZhCB5ijYNM5jdgeZs398k4/ACOsds9BPJJ52mZi7789sGrlSy1shSZiSu1I88jXpSsMiyUnUuJqLD2tf4gZWz90jvDSjbinI6uUskY3xniSgepDMgkyhDjye1dO9Objfo3e39s7eZ1jLDdtiT9vrb+aoc18mX4K/zPIuiVxzbDA9O8Zk8rSd01wEG9xMjkq5AoWebSlAgxXzOm7vvkiHYTHXMyQ36VfCXbkDlz+oKd/ibAFi//qcCRuVFUZpXZ33u1gT52H4sTrvn/yL3oO0fy1ajLM6puIgK4R337ZecX4K7t7audO8a9yWmFbNazcazKPOST01k6J/LMj5/xZ0YT+oy0ffkyD5Xp4pXkunbRCj0zJtzEG3u0C9GN7yptoxCD/8mT14Q0vOq8lXR4XLAmytNsRuKXcWsEyZOYR3Njewm89Zf59P+aw2Fui+08k58W31WPsmQTqm5OPj8a8M1vwylWwsF0ogxRLUAWhXgN5zPoHm3B35jp821z+L3d7GHh01Dqg0ZNslSmq30zsL1gZKlOzL3gf8eulatW6wEV7/pTeyAheDsWq6TI9S1C3kGYzOICVAJ/G8APShd8YMg9o/BV/ngAAAAA==)"></div><h3>Placeholder via CSS</h3><div class="header-container placeholder-css"></div><h3>Responsive image</h3><img srcset="../assets/img/abstract-320w.png 320w,../assets/img/abstract-480w.png 480w" src="../assets/img/abstract-300w.webp" alt="responsive image"><h3>Resized images</h3><img src="../assets/img/image-80w.webp" alt="size=80"><img src="../assets/img/image-120w.png" alt="size=120&amp;format=png"><h3>Resized image in CSS</h3><div class="resized-image"></div><h3>Placeholder via style attribute</h3><div style="background-image: url(data:image/webp;base64,UklGRngBAABXRUJQVlA4IGwBAACwCACdASoyACMAPlEkjkWjoiEUCq1UOAUEtIAJAc7ZMA7AgzJU13sGBKelLVP/1pMCJ8yB+3jzDaiodrtFL5svobMpH3Ousx3rKA8s0CAA/vm+tjlKGC4LFebOMBf1nn0+eCcHleIS8YVshNtuUUmA6AuQWYZuIkCwGVDRarezLVdg2NQAARkTPij+rh0yzfZMQGX92B6H5l/m+/V4TAxEgT3TO9AacvZoVeZC3/AD+ogM0WVv9mu+nWj91DhBgBov24VPF1FPqSDlkHKutcm3jDUGLvCOz3wvrtDwRbAcY61+dQNnlGbhrEiB5umFHxPrz3lDKxsokMYnwTe0Be96SHlr7413CqwThFnyCkvcInL+BDwqnIVRK0/sYXosbr6P82sPGHDywp7XnFl895Q2lcALQNKgkpCzazmzygtMVfmOjwrm6k27MB1aYGY04FG+Wb5Odw89sToc8wiodde26d3AnppBXiAAAAAA); width:200px; height:140px; background-size:cover;"></div></body></html>