<!DOCTYPE html><html><head><script src="../file1.565bab65.js"></script><script src="../file2.e4150d1f.js"></script><script src="../file3.432ac1a7.js"></script><script src="../file4.932b9531.js"></script></head><body><h1>Hello Pug!</h1></body></html>