<!DOCTYPE html><html><head><script src="/assets/js/runtime.99c4f08c.js" defer></script><script src="/assets/js/vendors.74ff8d86.js" defer></script><script src="/assets/js/bootstrap.bundle.min.e255c241.js" defer></script></head><body><h1>Hello Pug!</h1></body></html>