<!DOCTYPE html><html><head><link rel="icon" href="/assets/images/favicon.70e7.ico"><link rel="stylesheet" href="/assets/css/main2.1ad43a89.css"></head><body><h1>Hello World!</h1><img src="/assets/images/image.f78b.jpeg"></body></html>