<!DOCTYPE html><html><head><link href="/assets/css/bootstrap.min.0e134a84.css" rel="stylesheet"><script src="/assets/js/runtime.c82e7f4e.js" defer></script><script src="/assets/js/vendors.98446877.js" defer></script><script src="/assets/js/bootstrap.min.683033c0.js" defer></script><link href="/assets/css/styles.81f40c66.css" rel="stylesheet"></head><body><h1>Hello Pug!</h1><script src="/assets/js/main.6a0c0c57.js"></script></body></html>