<!DOCTYPE html><html><head><link rel="stylesheet" href="/assets/css/main.816f57966f4d0112e799.css"><link rel="stylesheet" href="/assets/css/about.6f89299362d6b4ff1776.css"></head><body><p>The usage of the style source directly in the pug template.</p></body></html>