<!DOCTYPE html>
<html lang="en">
  <head>
    <link href="/assets/css/styles.63e0f06a.css" rel="stylesheet">
  </head>
  <body>
    <h1>About</h1>
    <script
      src="/assets/js/scripts-src_assets_js_module-b_js.6489636a.js">
    </script><script
      src="/assets/js/scripts-src_assets_js_module-c_js.7a64d3b6.js">
    </script><script
      src="/assets/js/scripts-src_assets_js_main-b_js-_07e11.5d177c8c.js">
    </script><script
      src="/assets/js/main-b.e4f43cbd.js">
    </script>
  </body>
</html>
