<!DOCTYPE html><html><head><link rel="stylesheet" href="styles.css"><link rel="stylesheet" href="styles.2.css"></head><body><h1>About</h1><p>Text</p></body></html>