<!DOCTYPE html>
<html>
  <head>
    <link rel="stylesheet" href="assets/css/main.bb1392f7.css">
  </head>
  <body>
    <h1>Hello World!</h1>
  </body>
</html>
