<!DOCTYPE html><html><head><script src="/assets/js/main.6271dc1b.js"></script></head><body><h1>About</h1></body></html>