<!DOCTYPE html><html><head><script src="/assets/js/main.6de2.js"></script></head><body><h1>Index</h1></body></html>