<!DOCTYPE html><html><head><link rel="stylesheet" href="/assets/css/styles.css"></head><body><h1>Home</h1></body></html>