<!DOCTYPE html><html><head><link rel="stylesheet" href="assets/css/main.f8c4692c.css"></head><body><h1>Hello World!</h1><h2>@import url('./test.css');</h2></body></html>