<!DOCTYPE html><html><head><link rel="stylesheet" href="/pages/about/styles.2fa59dc1.css"><script src="/pages/about/scripts.80dac158.js"></script></head><body><h1>About page</h1></body></html>