<h1>Hello World!</h1><img src="/assets/images/f78b30f412cd192e6753.jpeg"><a href="about.html">about</a><a href="pages/page01.html">page01</a>