<!DOCTYPE html><html><head><link rel="stylesheet" href="/styles.e17ac525.css"><script src="/static/vendor/main.js"></script><script src="/assets/js/226.f852ef3c.js"></script><script src="/assets/js/script-a.31840f66.js"></script><script src="/assets/js/script-b.bc8fc0ca.js"></script></head><body><h1>Hello World!</h1><h2># Render: content</h2><div id="footer"></div><script src="/assets/js/763.1d188f13.js"></script><script src="/assets/js/main.61c3f885.js"></script><script src="/assets/js/main.1.6f884695.js"></script></body></html>