<!DOCTYPE html><html><head><script src="/assets/js/about.js"></script></head><body><p>about</p><a href="/">home</a></body></html>