<!DOCTYPE html><html><head><script src="/assets/js/file1.17a5b997.js"></script><script src="/assets/js/file2.63465253.js"></script><script src="/assets/js/file3.dc6fcdd5.js"></script><script src="/assets/js/file4.45dc496f.js"></script></head><body><h1>Hello Pug!</h1></body></html>