<!DOCTYPE html><html><head><link rel="icon" href="/assets/img/favicon-32w.png"></head><body><p class="default">/assets/img/delfin-400w.jpg</p><img class="responsible" srcset="/assets/img/delfin-100w.png 100w,/assets/img/delfin-200w.png 200w,/assets/img/delfin-300w.png 300w" src="/assets/img/delfin-200w.jpg" alt="responsive image"><img class="json" src="/assets/img/delfin-105w.webp"><p>src webp: /assets/img/delfin-200w.webp</p><p>srcSet: /assets/img/delfin-100w.webp 100w,/assets/img/delfin-200w.webp 200w,/assets/img/delfin-300w.webp 300w</p><p>Site
width: 400
height: 200</p></body></html>