<!DOCTYPE html><html><head><script src="/assets/js/file1.87a6d6c3.js"></script><script src="/assets/js/file2.86574c98.js"></script><script src="src/assets/scripts/file2.js"></script></head><body><h1>Hello Pug!</h1></body></html>