<!DOCTYPE html><html><head><script src="/assets/js/main.js"></script></head><body><h1>Hello World!</h1><a href="about/">about</a></body></html>