<!DOCTYPE html><html><head><link rel="stylesheet" href="/assets/css/styles.f8cd.css"></head><body><h1>Hello World!</h1></body></html>