<!DOCTYPE html><html><head><link href="/assets/css/styles.e7f20d91.css" rel="stylesheet"></head><body><h1>Hello Pug!</h1><script src="/assets/js/runtime.6fc1ab06.js"></script><script src="/assets/js/vendors.42d722b7.js"></script><script src="/assets/js/main.cf3fbd5b.js"></script></body></html>