<!DOCTYPE html><html><head><link rel="stylesheet" href="/pages/main/styles.fb43317d.css"><script src="/pages/main/scripts.f2f9e8e8.js"></script></head><body><h1>Main page</h1></body></html>