<!DOCTYPE html><html><head><meta name="description" content="description - index"><title>title - index</title><link rel="icon" type="image/x-icon" href="./favicon.ico"></head><body><div class="nav"><a class="active" href="./" title="index">index</a><a href="./about.html" title="about me">about me</a></div><h1>INDEX</h1><img src="/assets/images/index.f78b30f4.jpg"></body></html>