<!DOCTYPE html><html><head><link rel="stylesheet" href="/assets/css/styles.2.css"></head><body><h1>About</h1></body></html>