<!DOCTYPE html><html><head><link rel="stylesheet" href="/assets/css/main.css"><link rel="stylesheet" href="/assets/css/styles.1.css"></head><body><h1>Contact</h1></body></html>