<!DOCTYPE html><html><head><link rel="stylesheet" href="/css/styles.0868.css"><script src="/js/main.6de2.js"></script></head><body><h1>Home</h1><img src="/img/icons/chevron-down.d4d89eef.svg"><img src="/img/logos/pug.e9e5f2cb.png"></body></html>