<!DOCTYPE html><html><head><link rel="stylesheet" href="/assets/css/styles.ee8e3cbd.css"></head><body><img src="/assets/img/pug-logo.b0c23d5d.svg"></body></html>