<link href="/assets/css/page01.css" rel="stylesheet"><p>page01</p>