<!DOCTYPE html><html><head><link rel="stylesheet" href="/pages/about/styles.a6d7.css"><script src="/pages/about/scripts.80da.js"></script></head><body><h1>About page</h1></body></html>