<!DOCTYPE html>
<html>
  <head>
    <meta name="description" content="description - home">
    <title>title - home</title>
  </head>
  <body>
    <div class="nav">
      <p><a class="active" href="./index.html" title="home">home</a></p>
      <p><a href="./pages/about.html" title="about">about</a></p>
    </div>
    <h1>Home</h1><img src="assets/images/home.697ef306.png">
  </body>
</html>
