<!DOCTYPE html><html><head><script src="/static/vendor/main.js"></script><script src="/assets/js/645.6896.js"></script><script src="/assets/js/script-a.f4ba.js"></script><script src="/assets/js/script-b.4c98.js"></script></head><body><h1>Hello World!</h1><h2># Render: content</h2><div id="footer"></div><script src="/assets/js/main.a362.js"></script><script src="/assets/js/main.1.d880.js"></script></body></html>